// Jest Snapshot v1, https://goo.gl/fbAQLP

exports[`Prueba en <GifGridItem/> Debe hacer match con el snapshot 1`] = `
<div>
  <div
    class="card"
  >
    <img
      alt="gifTitulo"
      src="www.test.com"
    />
    <p>
      gifTitulo
    </p>
  </div>
</div>
`;
